// Jest Snapshot v1, https://goo.gl/fbAQLP

exports[`should render ExpenseListItem with one expense 1`] = `
<div
  className="expense"
>
  <strong>
    Gum
  </strong>
  - Co√ªt: 
  $1.95
  - Date: 
  Thursday, January 1st 1970, 1:00:00 am
  - 
  <Link
    to="/edit/1"
  >
    Edit 
    Gum
  </Link>
</div>
`;
